// Jest Snapshot v1, https://goo.gl/fbAQLP

exports[`Export component renderes correctly 1`] = `""`;
