// Jest Snapshot v1, https://goo.gl/fbAQLP

exports[`LineChart LineChart component renders correctly 1`] = `
<LineChart
  categories={Object {}}
  chartHeight={30}
  chartTitle="ex-title"
  indicator=""
  pointClickCallback={[MockFunction]}
  series={Object {}}
>
  <div />
</LineChart>
`;
