// Jest Snapshot v1, https://goo.gl/fbAQLP

exports[`PieChart PieChart component renders correctly 1`] = `<div />`;
