// Jest Snapshot v1, https://goo.gl/fbAQLP

exports[`SummaryChart SummaryChart component renders correctly 1`] = `""`;
