// Jest Snapshot v1, https://goo.gl/fbAQLP

exports[`App App renders child components 1`] = `
<div
  className="app"
/>
`;
