// Jest Snapshot v1, https://goo.gl/fbAQLP

exports[`FilterSelector FilterSelector component renders correctly 1`] = `""`;
