// Jest Snapshot v1, https://goo.gl/fbAQLP

exports[`TimeSeriesSlider TimeSeriesSlider component renders correctly 1`] = `""`;
