// Jest Snapshot v1, https://goo.gl/fbAQLP

exports[`TitleBar TitleBar component renders correctly 1`] = `<div />`;
